// Jest Snapshot v1, https://goo.gl/fbAQLP

exports[`Contact Component should render component correctly 1`] = `
<div
  className="content"
>
  <form
    action="#"
    id="signup-form"
    onReset={[Function]}
    onSubmit={[Function]}
  >
    <div
      className="icon"
    >
      <i
        class="fa fa-envelope"
      />
      <p
        style={
          Object {
            "fontSize": "20px",
          }
        }
      >
        Contact Us
      </p>
    </div>
    <div
      className="top-content"
    >
      <div
        className="form-name-input"
      >
        <label
          htmlFor="name"
        >
          Your Name
        </label>
        <input
          className="name-input"
          data-testid="name"
          initialTouched={false}
          initialValue=""
          name="name"
          onBlur={[Function]}
          onChange={[Function]}
          placeholder="Enter the issue"
          touched={false}
          value=""
        />
      </div>
      <div
        className="form-message"
      >
        <label
          htmlFor="message"
        >
          Message
        </label>
        <textarea
          className="message"
          initialTouched={false}
          initialValue=""
          name="message"
          onBlur={[Function]}
          onChange={[Function]}
          placeholder="Enter your message"
          rows={3}
          touched={false}
          value=""
        />
      </div>
    </div>
    <div
      className="bottom-content"
    >
      <div
        className="Form-Select"
      >
        <label
          htmlFor="vehicleType"
        >
          Select
        </label>
        <select
          initialTouched={false}
          initialValue="Select"
          name="vehicleType"
          onBlur={[Function]}
          onChange={[Function]}
          touched={false}
          value="Select"
        >
          <option
            value="Select"
          >
            Select
          </option>
          <option
            value="Rider"
          >
            Rider
          </option>
          <option
            value="Driver"
          >
            Driver
          </option>
        </select>
      </div>
      <button
        className="submit-button"
        disabled={true}
        type="submit"
      >
        Submit
      </button>
    </div>
  </form>
</div>
`;
